// Jest Snapshot v1, https://goo.gl/fbAQLP

exports[`Radio should render correctly 1`] = `
<label
  class="myPrefix customized"
  style="color:red"
>
  <input
    class="myPrefix-input"
    type="radio"
  />
  <span
    class="myPrefix-text"
  >
    Test
  </span>
</label>
`;
